// Jest Snapshot v1, https://goo.gl/fbAQLP

exports[`TAB_03 genThread & genDraft 1`] = `
Array [
  Array [
    Object {
      "bg": "lightblue",
      "dir": 1,
      "isTurnPoint": false,
    },
    Object {
      "bg": "violet",
      "dir": 1,
      "isTurnPoint": false,
    },
    Object {
      "bg": "orange",
      "dir": 1,
      "isTurnPoint": false,
    },
    Object {
      "bg": "yellow",
      "dir": 1,
      "isTurnPoint": false,
    },
    Object {
      "bg": "lightblue",
      "dir": 1,
      "isTurnPoint": false,
    },
    Object {
      "bg": "violet",
      "dir": 1,
      "isTurnPoint": false,
    },
    Object {
      "bg": "orange",
      "dir": 1,
      "isTurnPoint": false,
    },
    Object {
      "bg": "yellow",
      "dir": 1,
      "isTurnPoint": false,
    },
    Object {
      "bg": "lightblue",
      "dir": 1,
      "isTurnPoint": false,
    },
    Object {
      "bg": "violet",
      "dir": 1,
      "isTurnPoint": false,
    },
  ],
  Array [
    Object {
      "bg": "lightblue",
      "dir": 1,
      "isTurnPoint": false,
    },
    Object {
      "bg": "lightblue",
      "dir": -1,
      "isTurnPoint": true,
    },
    Object {
      "bg": "yellow",
      "dir": -1,
      "isTurnPoint": false,
    },
    Object {
      "bg": "orange",
      "dir": -1,
      "isTurnPoint": false,
    },
    Object {
      "bg": "violet",
      "dir": -1,
      "isTurnPoint": false,
    },
    Object {
      "bg": "lightblue",
      "dir": -1,
      "isTurnPoint": false,
    },
    Object {
      "bg": "yellow",
      "dir": -1,
      "isTurnPoint": false,
    },
    Object {
      "bg": "orange",
      "dir": -1,
      "isTurnPoint": false,
    },
    Object {
      "bg": "orange",
      "dir": 1,
      "isTurnPoint": true,
    },
    Object {
      "bg": "yellow",
      "dir": 1,
      "isTurnPoint": false,
    },
  ],
  Array [
    Object {
      "bg": "lightblue",
      "dir": 1,
      "isTurnPoint": false,
    },
    Object {
      "bg": "violet",
      "dir": 1,
      "isTurnPoint": false,
    },
    Object {
      "bg": "orange",
      "dir": 1,
      "isTurnPoint": false,
    },
    Object {
      "bg": "orange",
      "dir": -1,
      "isTurnPoint": true,
    },
    Object {
      "bg": "violet",
      "dir": -1,
      "isTurnPoint": false,
    },
    Object {
      "bg": "lightblue",
      "dir": -1,
      "isTurnPoint": false,
    },
    Object {
      "bg": "lightblue",
      "dir": 1,
      "isTurnPoint": true,
    },
    Object {
      "bg": "violet",
      "dir": 1,
      "isTurnPoint": false,
    },
    Object {
      "bg": "orange",
      "dir": 1,
      "isTurnPoint": false,
    },
    Object {
      "bg": "yellow",
      "dir": 1,
      "isTurnPoint": false,
    },
  ],
  Array [
    Object {
      "bg": "lightblue",
      "dir": 1,
      "isTurnPoint": false,
    },
    Object {
      "bg": "lightblue",
      "dir": -1,
      "isTurnPoint": true,
    },
    Object {
      "bg": "yellow",
      "dir": -1,
      "isTurnPoint": false,
    },
    Object {
      "bg": "orange",
      "dir": -1,
      "isTurnPoint": false,
    },
    Object {
      "bg": "violet",
      "dir": -1,
      "isTurnPoint": false,
    },
    Object {
      "bg": "violet",
      "dir": 1,
      "isTurnPoint": true,
    },
    Object {
      "bg": "orange",
      "dir": 1,
      "isTurnPoint": false,
    },
    Object {
      "bg": "yellow",
      "dir": 1,
      "isTurnPoint": false,
    },
    Object {
      "bg": "lightblue",
      "dir": 1,
      "isTurnPoint": false,
    },
    Object {
      "bg": "violet",
      "dir": 1,
      "isTurnPoint": false,
    },
  ],
]
`;
